Severity	Message	ConceptId	ComponentId
